Simulator report for exp2
Tue Feb 22 16:12:58 2022
Quartus II Version 8.1 Build 163 10/28/2008 SJ Web Edition


---------------------
; Table of Contents ;
---------------------
  1. Legal Notice
  2. Simulator Summary
  3. Simulator Settings
  4. Simulation Waveforms
  5. Coverage Summary
  6. Complete 1/0-Value Coverage
  7. Missing 1-Value Coverage
  8. Missing 0-Value Coverage
  9. Simulator INI Usage
 10. Simulator Messages



----------------
; Legal Notice ;
----------------
Copyright (C) 1991-2008 Altera Corporation
Your use of Altera Corporation's design tools, logic functions 
and other software and tools, and its AMPP partner logic 
functions, and any output files from any of the foregoing 
(including device programming or simulation files), and any 
associated documentation or information are expressly subject 
to the terms and conditions of the Altera Program License 
Subscription Agreement, Altera MegaCore Function License 
Agreement, or other applicable license agreement, including, 
without limitation, that your use is for the sole purpose of 
programming logic devices manufactured by Altera and sold by 
Altera or its authorized distributors.  Please refer to the 
applicable agreement for further details.



+--------------------------------------------+
; Simulator Summary                          ;
+-----------------------------+--------------+
; Type                        ; Value        ;
+-----------------------------+--------------+
; Simulation Start Time       ; 0 ps         ;
; Simulation End Time         ; 1.0 us       ;
; Simulation Netlist Size     ; 188 nodes    ;
; Simulation Coverage         ;      86.70 % ;
; Total Number of Transitions ; 55637        ;
; Simulation Breakpoints      ; 0            ;
; Family                      ; Stratix II   ;
+-----------------------------+--------------+


+-------------------------------------------------------------------------------------------------------------------------+
; Simulator Settings                                                                                                      ;
+--------------------------------------------------------------------------------------------+------------+---------------+
; Option                                                                                     ; Setting    ; Default Value ;
+--------------------------------------------------------------------------------------------+------------+---------------+
; Simulation mode                                                                            ; Functional ; Timing        ;
; Start time                                                                                 ; 0 ns       ; 0 ns          ;
; Simulation results format                                                                  ; CVWF       ;               ;
; Vector input source                                                                        ; exp2.vwf   ;               ;
; Add pins automatically to simulation output waveforms                                      ; On         ; On            ;
; Check outputs                                                                              ; Off        ; Off           ;
; Report simulation coverage                                                                 ; On         ; On            ;
; Display complete 1/0 value coverage report                                                 ; On         ; On            ;
; Display missing 1-value coverage report                                                    ; On         ; On            ;
; Display missing 0-value coverage report                                                    ; On         ; On            ;
; Detect setup and hold time violations                                                      ; Off        ; Off           ;
; Detect glitches                                                                            ; Off        ; Off           ;
; Disable timing delays in Timing Simulation                                                 ; Off        ; Off           ;
; Generate Signal Activity File                                                              ; Off        ; Off           ;
; Generate VCD File for PowerPlay Power Analyzer                                             ; Off        ; Off           ;
; Group bus channels in simulation results                                                   ; Off        ; Off           ;
; Preserve fewer signal transitions to reduce memory requirements                            ; On         ; On            ;
; Trigger vector comparison with the specified mode                                          ; INPUT_EDGE ; INPUT_EDGE    ;
; Disable setup and hold time violations detection in input registers of bi-directional pins ; Off        ; Off           ;
; Overwrite Waveform Inputs With Simulation Outputs                                          ; Off        ;               ;
; Perform Glitch Filtering in Timing Simulation                                              ; Auto       ; Auto          ;
+--------------------------------------------------------------------------------------------+------------+---------------+


+----------------------+
; Simulation Waveforms ;
+----------------------+
Waveform report data cannot be output to ASCII.
Please use Quartus II to view the waveform report data.


+--------------------------------------------------------------------+
; Coverage Summary                                                   ;
+-----------------------------------------------------+--------------+
; Type                                                ; Value        ;
+-----------------------------------------------------+--------------+
; Total coverage as a percentage                      ;      86.70 % ;
; Total nodes checked                                 ; 188          ;
; Total output ports checked                          ; 188          ;
; Total output ports with complete 1/0-value coverage ; 163          ;
; Total output ports with no 1/0-value coverage       ; 25           ;
; Total output ports with no 1-value coverage         ; 25           ;
; Total output ports with no 0-value coverage         ; 25           ;
+-----------------------------------------------------+--------------+


The following table displays output ports that toggle between 1 and 0 during simulation.
+--------------------------------------------------------------------------------------------------------------------------------------------------------+
; Complete 1/0-Value Coverage                                                                                                                            ;
+------------------------------------------------------------------+------------------------------------------------------------------+------------------+
; Node Name                                                        ; Output Port Name                                                 ; Output Port Type ;
+------------------------------------------------------------------+------------------------------------------------------------------+------------------+
; |exp2|y[0]$latch                                                 ; |exp2|y[0]$latch                                                 ; out              ;
; |exp2|y[1]$latch                                                 ; |exp2|y[1]$latch                                                 ; out              ;
; |exp2|w[0]                                                       ; |exp2|w[0]                                                       ; out              ;
; |exp2|w[1]                                                       ; |exp2|w[1]                                                       ; out              ;
; |exp2|w[2]                                                       ; |exp2|w[2]                                                       ; out              ;
; |exp2|w[3]                                                       ; |exp2|w[3]                                                       ; out              ;
; |exp2|y[0]                                                       ; |exp2|y[0]                                                       ; pin_out          ;
; |exp2|y[1]                                                       ; |exp2|y[1]                                                       ; pin_out          ;
; |exp2|lpm_mux:Mux2|mux_lpc:auto_generated|l1_w0_n0_mux_dataout~0 ; |exp2|lpm_mux:Mux2|mux_lpc:auto_generated|l1_w0_n0_mux_dataout~0 ; out0             ;
; |exp2|lpm_mux:Mux2|mux_lpc:auto_generated|_~0                    ; |exp2|lpm_mux:Mux2|mux_lpc:auto_generated|_~0                    ; out0             ;
; |exp2|lpm_mux:Mux2|mux_lpc:auto_generated|l1_w0_n0_mux_dataout   ; |exp2|lpm_mux:Mux2|mux_lpc:auto_generated|l1_w0_n0_mux_dataout   ; out0             ;
; |exp2|lpm_mux:Mux2|mux_lpc:auto_generated|l1_w0_n1_mux_dataout~0 ; |exp2|lpm_mux:Mux2|mux_lpc:auto_generated|l1_w0_n1_mux_dataout~0 ; out0             ;
; |exp2|lpm_mux:Mux2|mux_lpc:auto_generated|_~1                    ; |exp2|lpm_mux:Mux2|mux_lpc:auto_generated|_~1                    ; out0             ;
; |exp2|lpm_mux:Mux2|mux_lpc:auto_generated|l1_w0_n1_mux_dataout~1 ; |exp2|lpm_mux:Mux2|mux_lpc:auto_generated|l1_w0_n1_mux_dataout~1 ; out0             ;
; |exp2|lpm_mux:Mux2|mux_lpc:auto_generated|l1_w0_n1_mux_dataout   ; |exp2|lpm_mux:Mux2|mux_lpc:auto_generated|l1_w0_n1_mux_dataout   ; out0             ;
; |exp2|lpm_mux:Mux2|mux_lpc:auto_generated|l1_w0_n2_mux_dataout~0 ; |exp2|lpm_mux:Mux2|mux_lpc:auto_generated|l1_w0_n2_mux_dataout~0 ; out0             ;
; |exp2|lpm_mux:Mux2|mux_lpc:auto_generated|_~2                    ; |exp2|lpm_mux:Mux2|mux_lpc:auto_generated|_~2                    ; out0             ;
; |exp2|lpm_mux:Mux2|mux_lpc:auto_generated|l1_w0_n2_mux_dataout~1 ; |exp2|lpm_mux:Mux2|mux_lpc:auto_generated|l1_w0_n2_mux_dataout~1 ; out0             ;
; |exp2|lpm_mux:Mux2|mux_lpc:auto_generated|l1_w0_n2_mux_dataout   ; |exp2|lpm_mux:Mux2|mux_lpc:auto_generated|l1_w0_n2_mux_dataout   ; out0             ;
; |exp2|lpm_mux:Mux2|mux_lpc:auto_generated|l1_w0_n3_mux_dataout~0 ; |exp2|lpm_mux:Mux2|mux_lpc:auto_generated|l1_w0_n3_mux_dataout~0 ; out0             ;
; |exp2|lpm_mux:Mux2|mux_lpc:auto_generated|_~3                    ; |exp2|lpm_mux:Mux2|mux_lpc:auto_generated|_~3                    ; out0             ;
; |exp2|lpm_mux:Mux2|mux_lpc:auto_generated|l1_w0_n3_mux_dataout~1 ; |exp2|lpm_mux:Mux2|mux_lpc:auto_generated|l1_w0_n3_mux_dataout~1 ; out0             ;
; |exp2|lpm_mux:Mux2|mux_lpc:auto_generated|l1_w0_n3_mux_dataout   ; |exp2|lpm_mux:Mux2|mux_lpc:auto_generated|l1_w0_n3_mux_dataout   ; out0             ;
; |exp2|lpm_mux:Mux2|mux_lpc:auto_generated|l1_w0_n4_mux_dataout~0 ; |exp2|lpm_mux:Mux2|mux_lpc:auto_generated|l1_w0_n4_mux_dataout~0 ; out0             ;
; |exp2|lpm_mux:Mux2|mux_lpc:auto_generated|_~4                    ; |exp2|lpm_mux:Mux2|mux_lpc:auto_generated|_~4                    ; out0             ;
; |exp2|lpm_mux:Mux2|mux_lpc:auto_generated|l1_w0_n4_mux_dataout~1 ; |exp2|lpm_mux:Mux2|mux_lpc:auto_generated|l1_w0_n4_mux_dataout~1 ; out0             ;
; |exp2|lpm_mux:Mux2|mux_lpc:auto_generated|l1_w0_n4_mux_dataout   ; |exp2|lpm_mux:Mux2|mux_lpc:auto_generated|l1_w0_n4_mux_dataout   ; out0             ;
; |exp2|lpm_mux:Mux2|mux_lpc:auto_generated|l1_w0_n5_mux_dataout~0 ; |exp2|lpm_mux:Mux2|mux_lpc:auto_generated|l1_w0_n5_mux_dataout~0 ; out0             ;
; |exp2|lpm_mux:Mux2|mux_lpc:auto_generated|_~5                    ; |exp2|lpm_mux:Mux2|mux_lpc:auto_generated|_~5                    ; out0             ;
; |exp2|lpm_mux:Mux2|mux_lpc:auto_generated|l1_w0_n5_mux_dataout~1 ; |exp2|lpm_mux:Mux2|mux_lpc:auto_generated|l1_w0_n5_mux_dataout~1 ; out0             ;
; |exp2|lpm_mux:Mux2|mux_lpc:auto_generated|l1_w0_n5_mux_dataout   ; |exp2|lpm_mux:Mux2|mux_lpc:auto_generated|l1_w0_n5_mux_dataout   ; out0             ;
; |exp2|lpm_mux:Mux2|mux_lpc:auto_generated|l1_w0_n6_mux_dataout~0 ; |exp2|lpm_mux:Mux2|mux_lpc:auto_generated|l1_w0_n6_mux_dataout~0 ; out0             ;
; |exp2|lpm_mux:Mux2|mux_lpc:auto_generated|_~6                    ; |exp2|lpm_mux:Mux2|mux_lpc:auto_generated|_~6                    ; out0             ;
; |exp2|lpm_mux:Mux2|mux_lpc:auto_generated|l1_w0_n6_mux_dataout~1 ; |exp2|lpm_mux:Mux2|mux_lpc:auto_generated|l1_w0_n6_mux_dataout~1 ; out0             ;
; |exp2|lpm_mux:Mux2|mux_lpc:auto_generated|l1_w0_n6_mux_dataout   ; |exp2|lpm_mux:Mux2|mux_lpc:auto_generated|l1_w0_n6_mux_dataout   ; out0             ;
; |exp2|lpm_mux:Mux2|mux_lpc:auto_generated|l1_w0_n7_mux_dataout~0 ; |exp2|lpm_mux:Mux2|mux_lpc:auto_generated|l1_w0_n7_mux_dataout~0 ; out0             ;
; |exp2|lpm_mux:Mux2|mux_lpc:auto_generated|_~7                    ; |exp2|lpm_mux:Mux2|mux_lpc:auto_generated|_~7                    ; out0             ;
; |exp2|lpm_mux:Mux2|mux_lpc:auto_generated|l1_w0_n7_mux_dataout~1 ; |exp2|lpm_mux:Mux2|mux_lpc:auto_generated|l1_w0_n7_mux_dataout~1 ; out0             ;
; |exp2|lpm_mux:Mux2|mux_lpc:auto_generated|l1_w0_n7_mux_dataout   ; |exp2|lpm_mux:Mux2|mux_lpc:auto_generated|l1_w0_n7_mux_dataout   ; out0             ;
; |exp2|lpm_mux:Mux2|mux_lpc:auto_generated|l2_w0_n0_mux_dataout~0 ; |exp2|lpm_mux:Mux2|mux_lpc:auto_generated|l2_w0_n0_mux_dataout~0 ; out0             ;
; |exp2|lpm_mux:Mux2|mux_lpc:auto_generated|_~8                    ; |exp2|lpm_mux:Mux2|mux_lpc:auto_generated|_~8                    ; out0             ;
; |exp2|lpm_mux:Mux2|mux_lpc:auto_generated|l2_w0_n0_mux_dataout~1 ; |exp2|lpm_mux:Mux2|mux_lpc:auto_generated|l2_w0_n0_mux_dataout~1 ; out0             ;
; |exp2|lpm_mux:Mux2|mux_lpc:auto_generated|l2_w0_n0_mux_dataout   ; |exp2|lpm_mux:Mux2|mux_lpc:auto_generated|l2_w0_n0_mux_dataout   ; out0             ;
; |exp2|lpm_mux:Mux2|mux_lpc:auto_generated|l2_w0_n1_mux_dataout~0 ; |exp2|lpm_mux:Mux2|mux_lpc:auto_generated|l2_w0_n1_mux_dataout~0 ; out0             ;
; |exp2|lpm_mux:Mux2|mux_lpc:auto_generated|_~9                    ; |exp2|lpm_mux:Mux2|mux_lpc:auto_generated|_~9                    ; out0             ;
; |exp2|lpm_mux:Mux2|mux_lpc:auto_generated|l2_w0_n1_mux_dataout~1 ; |exp2|lpm_mux:Mux2|mux_lpc:auto_generated|l2_w0_n1_mux_dataout~1 ; out0             ;
; |exp2|lpm_mux:Mux2|mux_lpc:auto_generated|l2_w0_n1_mux_dataout   ; |exp2|lpm_mux:Mux2|mux_lpc:auto_generated|l2_w0_n1_mux_dataout   ; out0             ;
; |exp2|lpm_mux:Mux2|mux_lpc:auto_generated|l2_w0_n2_mux_dataout~0 ; |exp2|lpm_mux:Mux2|mux_lpc:auto_generated|l2_w0_n2_mux_dataout~0 ; out0             ;
; |exp2|lpm_mux:Mux2|mux_lpc:auto_generated|_~10                   ; |exp2|lpm_mux:Mux2|mux_lpc:auto_generated|_~10                   ; out0             ;
; |exp2|lpm_mux:Mux2|mux_lpc:auto_generated|l2_w0_n2_mux_dataout~1 ; |exp2|lpm_mux:Mux2|mux_lpc:auto_generated|l2_w0_n2_mux_dataout~1 ; out0             ;
; |exp2|lpm_mux:Mux2|mux_lpc:auto_generated|l2_w0_n2_mux_dataout   ; |exp2|lpm_mux:Mux2|mux_lpc:auto_generated|l2_w0_n2_mux_dataout   ; out0             ;
; |exp2|lpm_mux:Mux2|mux_lpc:auto_generated|l2_w0_n3_mux_dataout~0 ; |exp2|lpm_mux:Mux2|mux_lpc:auto_generated|l2_w0_n3_mux_dataout~0 ; out0             ;
; |exp2|lpm_mux:Mux2|mux_lpc:auto_generated|_~11                   ; |exp2|lpm_mux:Mux2|mux_lpc:auto_generated|_~11                   ; out0             ;
; |exp2|lpm_mux:Mux2|mux_lpc:auto_generated|l2_w0_n3_mux_dataout~1 ; |exp2|lpm_mux:Mux2|mux_lpc:auto_generated|l2_w0_n3_mux_dataout~1 ; out0             ;
; |exp2|lpm_mux:Mux2|mux_lpc:auto_generated|l2_w0_n3_mux_dataout   ; |exp2|lpm_mux:Mux2|mux_lpc:auto_generated|l2_w0_n3_mux_dataout   ; out0             ;
; |exp2|lpm_mux:Mux2|mux_lpc:auto_generated|l3_w0_n0_mux_dataout~0 ; |exp2|lpm_mux:Mux2|mux_lpc:auto_generated|l3_w0_n0_mux_dataout~0 ; out0             ;
; |exp2|lpm_mux:Mux2|mux_lpc:auto_generated|_~12                   ; |exp2|lpm_mux:Mux2|mux_lpc:auto_generated|_~12                   ; out0             ;
; |exp2|lpm_mux:Mux2|mux_lpc:auto_generated|l3_w0_n0_mux_dataout~1 ; |exp2|lpm_mux:Mux2|mux_lpc:auto_generated|l3_w0_n0_mux_dataout~1 ; out0             ;
; |exp2|lpm_mux:Mux2|mux_lpc:auto_generated|l3_w0_n0_mux_dataout   ; |exp2|lpm_mux:Mux2|mux_lpc:auto_generated|l3_w0_n0_mux_dataout   ; out0             ;
; |exp2|lpm_mux:Mux2|mux_lpc:auto_generated|l3_w0_n1_mux_dataout~0 ; |exp2|lpm_mux:Mux2|mux_lpc:auto_generated|l3_w0_n1_mux_dataout~0 ; out0             ;
; |exp2|lpm_mux:Mux2|mux_lpc:auto_generated|_~13                   ; |exp2|lpm_mux:Mux2|mux_lpc:auto_generated|_~13                   ; out0             ;
; |exp2|lpm_mux:Mux2|mux_lpc:auto_generated|l3_w0_n1_mux_dataout~1 ; |exp2|lpm_mux:Mux2|mux_lpc:auto_generated|l3_w0_n1_mux_dataout~1 ; out0             ;
; |exp2|lpm_mux:Mux2|mux_lpc:auto_generated|l3_w0_n1_mux_dataout   ; |exp2|lpm_mux:Mux2|mux_lpc:auto_generated|l3_w0_n1_mux_dataout   ; out0             ;
; |exp2|lpm_mux:Mux2|mux_lpc:auto_generated|l4_w0_n0_mux_dataout~0 ; |exp2|lpm_mux:Mux2|mux_lpc:auto_generated|l4_w0_n0_mux_dataout~0 ; out0             ;
; |exp2|lpm_mux:Mux2|mux_lpc:auto_generated|_~14                   ; |exp2|lpm_mux:Mux2|mux_lpc:auto_generated|_~14                   ; out0             ;
; |exp2|lpm_mux:Mux2|mux_lpc:auto_generated|l4_w0_n0_mux_dataout~1 ; |exp2|lpm_mux:Mux2|mux_lpc:auto_generated|l4_w0_n0_mux_dataout~1 ; out0             ;
; |exp2|lpm_mux:Mux2|mux_lpc:auto_generated|l4_w0_n0_mux_dataout   ; |exp2|lpm_mux:Mux2|mux_lpc:auto_generated|l4_w0_n0_mux_dataout   ; out0             ;
; |exp2|lpm_mux:Mux1|mux_lpc:auto_generated|_~0                    ; |exp2|lpm_mux:Mux1|mux_lpc:auto_generated|_~0                    ; out0             ;
; |exp2|lpm_mux:Mux1|mux_lpc:auto_generated|_~1                    ; |exp2|lpm_mux:Mux1|mux_lpc:auto_generated|_~1                    ; out0             ;
; |exp2|lpm_mux:Mux1|mux_lpc:auto_generated|l1_w0_n2_mux_dataout~0 ; |exp2|lpm_mux:Mux1|mux_lpc:auto_generated|l1_w0_n2_mux_dataout~0 ; out0             ;
; |exp2|lpm_mux:Mux1|mux_lpc:auto_generated|_~2                    ; |exp2|lpm_mux:Mux1|mux_lpc:auto_generated|_~2                    ; out0             ;
; |exp2|lpm_mux:Mux1|mux_lpc:auto_generated|l1_w0_n2_mux_dataout~1 ; |exp2|lpm_mux:Mux1|mux_lpc:auto_generated|l1_w0_n2_mux_dataout~1 ; out0             ;
; |exp2|lpm_mux:Mux1|mux_lpc:auto_generated|l1_w0_n2_mux_dataout   ; |exp2|lpm_mux:Mux1|mux_lpc:auto_generated|l1_w0_n2_mux_dataout   ; out0             ;
; |exp2|lpm_mux:Mux1|mux_lpc:auto_generated|l1_w0_n3_mux_dataout~0 ; |exp2|lpm_mux:Mux1|mux_lpc:auto_generated|l1_w0_n3_mux_dataout~0 ; out0             ;
; |exp2|lpm_mux:Mux1|mux_lpc:auto_generated|_~3                    ; |exp2|lpm_mux:Mux1|mux_lpc:auto_generated|_~3                    ; out0             ;
; |exp2|lpm_mux:Mux1|mux_lpc:auto_generated|l1_w0_n3_mux_dataout~1 ; |exp2|lpm_mux:Mux1|mux_lpc:auto_generated|l1_w0_n3_mux_dataout~1 ; out0             ;
; |exp2|lpm_mux:Mux1|mux_lpc:auto_generated|l1_w0_n3_mux_dataout   ; |exp2|lpm_mux:Mux1|mux_lpc:auto_generated|l1_w0_n3_mux_dataout   ; out0             ;
; |exp2|lpm_mux:Mux1|mux_lpc:auto_generated|l1_w0_n4_mux_dataout~0 ; |exp2|lpm_mux:Mux1|mux_lpc:auto_generated|l1_w0_n4_mux_dataout~0 ; out0             ;
; |exp2|lpm_mux:Mux1|mux_lpc:auto_generated|_~4                    ; |exp2|lpm_mux:Mux1|mux_lpc:auto_generated|_~4                    ; out0             ;
; |exp2|lpm_mux:Mux1|mux_lpc:auto_generated|l1_w0_n4_mux_dataout~1 ; |exp2|lpm_mux:Mux1|mux_lpc:auto_generated|l1_w0_n4_mux_dataout~1 ; out0             ;
; |exp2|lpm_mux:Mux1|mux_lpc:auto_generated|l1_w0_n4_mux_dataout   ; |exp2|lpm_mux:Mux1|mux_lpc:auto_generated|l1_w0_n4_mux_dataout   ; out0             ;
; |exp2|lpm_mux:Mux1|mux_lpc:auto_generated|l1_w0_n5_mux_dataout~0 ; |exp2|lpm_mux:Mux1|mux_lpc:auto_generated|l1_w0_n5_mux_dataout~0 ; out0             ;
; |exp2|lpm_mux:Mux1|mux_lpc:auto_generated|_~5                    ; |exp2|lpm_mux:Mux1|mux_lpc:auto_generated|_~5                    ; out0             ;
; |exp2|lpm_mux:Mux1|mux_lpc:auto_generated|l1_w0_n5_mux_dataout~1 ; |exp2|lpm_mux:Mux1|mux_lpc:auto_generated|l1_w0_n5_mux_dataout~1 ; out0             ;
; |exp2|lpm_mux:Mux1|mux_lpc:auto_generated|l1_w0_n5_mux_dataout   ; |exp2|lpm_mux:Mux1|mux_lpc:auto_generated|l1_w0_n5_mux_dataout   ; out0             ;
; |exp2|lpm_mux:Mux1|mux_lpc:auto_generated|l1_w0_n6_mux_dataout~0 ; |exp2|lpm_mux:Mux1|mux_lpc:auto_generated|l1_w0_n6_mux_dataout~0 ; out0             ;
; |exp2|lpm_mux:Mux1|mux_lpc:auto_generated|_~6                    ; |exp2|lpm_mux:Mux1|mux_lpc:auto_generated|_~6                    ; out0             ;
; |exp2|lpm_mux:Mux1|mux_lpc:auto_generated|l1_w0_n6_mux_dataout~1 ; |exp2|lpm_mux:Mux1|mux_lpc:auto_generated|l1_w0_n6_mux_dataout~1 ; out0             ;
; |exp2|lpm_mux:Mux1|mux_lpc:auto_generated|l1_w0_n6_mux_dataout   ; |exp2|lpm_mux:Mux1|mux_lpc:auto_generated|l1_w0_n6_mux_dataout   ; out0             ;
; |exp2|lpm_mux:Mux1|mux_lpc:auto_generated|l1_w0_n7_mux_dataout~0 ; |exp2|lpm_mux:Mux1|mux_lpc:auto_generated|l1_w0_n7_mux_dataout~0 ; out0             ;
; |exp2|lpm_mux:Mux1|mux_lpc:auto_generated|_~7                    ; |exp2|lpm_mux:Mux1|mux_lpc:auto_generated|_~7                    ; out0             ;
; |exp2|lpm_mux:Mux1|mux_lpc:auto_generated|l1_w0_n7_mux_dataout~1 ; |exp2|lpm_mux:Mux1|mux_lpc:auto_generated|l1_w0_n7_mux_dataout~1 ; out0             ;
; |exp2|lpm_mux:Mux1|mux_lpc:auto_generated|l1_w0_n7_mux_dataout   ; |exp2|lpm_mux:Mux1|mux_lpc:auto_generated|l1_w0_n7_mux_dataout   ; out0             ;
; |exp2|lpm_mux:Mux1|mux_lpc:auto_generated|_~8                    ; |exp2|lpm_mux:Mux1|mux_lpc:auto_generated|_~8                    ; out0             ;
; |exp2|lpm_mux:Mux1|mux_lpc:auto_generated|l2_w0_n1_mux_dataout~0 ; |exp2|lpm_mux:Mux1|mux_lpc:auto_generated|l2_w0_n1_mux_dataout~0 ; out0             ;
; |exp2|lpm_mux:Mux1|mux_lpc:auto_generated|_~9                    ; |exp2|lpm_mux:Mux1|mux_lpc:auto_generated|_~9                    ; out0             ;
; |exp2|lpm_mux:Mux1|mux_lpc:auto_generated|l2_w0_n1_mux_dataout~1 ; |exp2|lpm_mux:Mux1|mux_lpc:auto_generated|l2_w0_n1_mux_dataout~1 ; out0             ;
; |exp2|lpm_mux:Mux1|mux_lpc:auto_generated|l2_w0_n1_mux_dataout   ; |exp2|lpm_mux:Mux1|mux_lpc:auto_generated|l2_w0_n1_mux_dataout   ; out0             ;
; |exp2|lpm_mux:Mux1|mux_lpc:auto_generated|l2_w0_n2_mux_dataout~0 ; |exp2|lpm_mux:Mux1|mux_lpc:auto_generated|l2_w0_n2_mux_dataout~0 ; out0             ;
; |exp2|lpm_mux:Mux1|mux_lpc:auto_generated|_~10                   ; |exp2|lpm_mux:Mux1|mux_lpc:auto_generated|_~10                   ; out0             ;
; |exp2|lpm_mux:Mux1|mux_lpc:auto_generated|l2_w0_n2_mux_dataout~1 ; |exp2|lpm_mux:Mux1|mux_lpc:auto_generated|l2_w0_n2_mux_dataout~1 ; out0             ;
; |exp2|lpm_mux:Mux1|mux_lpc:auto_generated|l2_w0_n2_mux_dataout   ; |exp2|lpm_mux:Mux1|mux_lpc:auto_generated|l2_w0_n2_mux_dataout   ; out0             ;
; |exp2|lpm_mux:Mux1|mux_lpc:auto_generated|l2_w0_n3_mux_dataout~0 ; |exp2|lpm_mux:Mux1|mux_lpc:auto_generated|l2_w0_n3_mux_dataout~0 ; out0             ;
; |exp2|lpm_mux:Mux1|mux_lpc:auto_generated|_~11                   ; |exp2|lpm_mux:Mux1|mux_lpc:auto_generated|_~11                   ; out0             ;
; |exp2|lpm_mux:Mux1|mux_lpc:auto_generated|l2_w0_n3_mux_dataout~1 ; |exp2|lpm_mux:Mux1|mux_lpc:auto_generated|l2_w0_n3_mux_dataout~1 ; out0             ;
; |exp2|lpm_mux:Mux1|mux_lpc:auto_generated|l2_w0_n3_mux_dataout   ; |exp2|lpm_mux:Mux1|mux_lpc:auto_generated|l2_w0_n3_mux_dataout   ; out0             ;
; |exp2|lpm_mux:Mux1|mux_lpc:auto_generated|l3_w0_n0_mux_dataout~0 ; |exp2|lpm_mux:Mux1|mux_lpc:auto_generated|l3_w0_n0_mux_dataout~0 ; out0             ;
; |exp2|lpm_mux:Mux1|mux_lpc:auto_generated|_~12                   ; |exp2|lpm_mux:Mux1|mux_lpc:auto_generated|_~12                   ; out0             ;
; |exp2|lpm_mux:Mux1|mux_lpc:auto_generated|l3_w0_n0_mux_dataout   ; |exp2|lpm_mux:Mux1|mux_lpc:auto_generated|l3_w0_n0_mux_dataout   ; out0             ;
; |exp2|lpm_mux:Mux1|mux_lpc:auto_generated|l3_w0_n1_mux_dataout~0 ; |exp2|lpm_mux:Mux1|mux_lpc:auto_generated|l3_w0_n1_mux_dataout~0 ; out0             ;
; |exp2|lpm_mux:Mux1|mux_lpc:auto_generated|_~13                   ; |exp2|lpm_mux:Mux1|mux_lpc:auto_generated|_~13                   ; out0             ;
; |exp2|lpm_mux:Mux1|mux_lpc:auto_generated|l3_w0_n1_mux_dataout~1 ; |exp2|lpm_mux:Mux1|mux_lpc:auto_generated|l3_w0_n1_mux_dataout~1 ; out0             ;
; |exp2|lpm_mux:Mux1|mux_lpc:auto_generated|l3_w0_n1_mux_dataout   ; |exp2|lpm_mux:Mux1|mux_lpc:auto_generated|l3_w0_n1_mux_dataout   ; out0             ;
; |exp2|lpm_mux:Mux1|mux_lpc:auto_generated|l4_w0_n0_mux_dataout~0 ; |exp2|lpm_mux:Mux1|mux_lpc:auto_generated|l4_w0_n0_mux_dataout~0 ; out0             ;
; |exp2|lpm_mux:Mux1|mux_lpc:auto_generated|_~14                   ; |exp2|lpm_mux:Mux1|mux_lpc:auto_generated|_~14                   ; out0             ;
; |exp2|lpm_mux:Mux1|mux_lpc:auto_generated|l4_w0_n0_mux_dataout~1 ; |exp2|lpm_mux:Mux1|mux_lpc:auto_generated|l4_w0_n0_mux_dataout~1 ; out0             ;
; |exp2|lpm_mux:Mux1|mux_lpc:auto_generated|l4_w0_n0_mux_dataout   ; |exp2|lpm_mux:Mux1|mux_lpc:auto_generated|l4_w0_n0_mux_dataout   ; out0             ;
; |exp2|lpm_mux:Mux0|mux_lpc:auto_generated|_~0                    ; |exp2|lpm_mux:Mux0|mux_lpc:auto_generated|_~0                    ; out0             ;
; |exp2|lpm_mux:Mux0|mux_lpc:auto_generated|l1_w0_n1_mux_dataout~0 ; |exp2|lpm_mux:Mux0|mux_lpc:auto_generated|l1_w0_n1_mux_dataout~0 ; out0             ;
; |exp2|lpm_mux:Mux0|mux_lpc:auto_generated|_~1                    ; |exp2|lpm_mux:Mux0|mux_lpc:auto_generated|_~1                    ; out0             ;
; |exp2|lpm_mux:Mux0|mux_lpc:auto_generated|l1_w0_n1_mux_dataout~1 ; |exp2|lpm_mux:Mux0|mux_lpc:auto_generated|l1_w0_n1_mux_dataout~1 ; out0             ;
; |exp2|lpm_mux:Mux0|mux_lpc:auto_generated|l1_w0_n1_mux_dataout   ; |exp2|lpm_mux:Mux0|mux_lpc:auto_generated|l1_w0_n1_mux_dataout   ; out0             ;
; |exp2|lpm_mux:Mux0|mux_lpc:auto_generated|_~2                    ; |exp2|lpm_mux:Mux0|mux_lpc:auto_generated|_~2                    ; out0             ;
; |exp2|lpm_mux:Mux0|mux_lpc:auto_generated|_~3                    ; |exp2|lpm_mux:Mux0|mux_lpc:auto_generated|_~3                    ; out0             ;
; |exp2|lpm_mux:Mux0|mux_lpc:auto_generated|l1_w0_n4_mux_dataout~0 ; |exp2|lpm_mux:Mux0|mux_lpc:auto_generated|l1_w0_n4_mux_dataout~0 ; out0             ;
; |exp2|lpm_mux:Mux0|mux_lpc:auto_generated|_~4                    ; |exp2|lpm_mux:Mux0|mux_lpc:auto_generated|_~4                    ; out0             ;
; |exp2|lpm_mux:Mux0|mux_lpc:auto_generated|l1_w0_n4_mux_dataout~1 ; |exp2|lpm_mux:Mux0|mux_lpc:auto_generated|l1_w0_n4_mux_dataout~1 ; out0             ;
; |exp2|lpm_mux:Mux0|mux_lpc:auto_generated|l1_w0_n4_mux_dataout   ; |exp2|lpm_mux:Mux0|mux_lpc:auto_generated|l1_w0_n4_mux_dataout   ; out0             ;
; |exp2|lpm_mux:Mux0|mux_lpc:auto_generated|l1_w0_n5_mux_dataout~0 ; |exp2|lpm_mux:Mux0|mux_lpc:auto_generated|l1_w0_n5_mux_dataout~0 ; out0             ;
; |exp2|lpm_mux:Mux0|mux_lpc:auto_generated|_~5                    ; |exp2|lpm_mux:Mux0|mux_lpc:auto_generated|_~5                    ; out0             ;
; |exp2|lpm_mux:Mux0|mux_lpc:auto_generated|l1_w0_n5_mux_dataout~1 ; |exp2|lpm_mux:Mux0|mux_lpc:auto_generated|l1_w0_n5_mux_dataout~1 ; out0             ;
; |exp2|lpm_mux:Mux0|mux_lpc:auto_generated|l1_w0_n5_mux_dataout   ; |exp2|lpm_mux:Mux0|mux_lpc:auto_generated|l1_w0_n5_mux_dataout   ; out0             ;
; |exp2|lpm_mux:Mux0|mux_lpc:auto_generated|l1_w0_n6_mux_dataout~0 ; |exp2|lpm_mux:Mux0|mux_lpc:auto_generated|l1_w0_n6_mux_dataout~0 ; out0             ;
; |exp2|lpm_mux:Mux0|mux_lpc:auto_generated|_~6                    ; |exp2|lpm_mux:Mux0|mux_lpc:auto_generated|_~6                    ; out0             ;
; |exp2|lpm_mux:Mux0|mux_lpc:auto_generated|l1_w0_n6_mux_dataout~1 ; |exp2|lpm_mux:Mux0|mux_lpc:auto_generated|l1_w0_n6_mux_dataout~1 ; out0             ;
; |exp2|lpm_mux:Mux0|mux_lpc:auto_generated|l1_w0_n6_mux_dataout   ; |exp2|lpm_mux:Mux0|mux_lpc:auto_generated|l1_w0_n6_mux_dataout   ; out0             ;
; |exp2|lpm_mux:Mux0|mux_lpc:auto_generated|l1_w0_n7_mux_dataout~0 ; |exp2|lpm_mux:Mux0|mux_lpc:auto_generated|l1_w0_n7_mux_dataout~0 ; out0             ;
; |exp2|lpm_mux:Mux0|mux_lpc:auto_generated|_~7                    ; |exp2|lpm_mux:Mux0|mux_lpc:auto_generated|_~7                    ; out0             ;
; |exp2|lpm_mux:Mux0|mux_lpc:auto_generated|l1_w0_n7_mux_dataout~1 ; |exp2|lpm_mux:Mux0|mux_lpc:auto_generated|l1_w0_n7_mux_dataout~1 ; out0             ;
; |exp2|lpm_mux:Mux0|mux_lpc:auto_generated|l1_w0_n7_mux_dataout   ; |exp2|lpm_mux:Mux0|mux_lpc:auto_generated|l1_w0_n7_mux_dataout   ; out0             ;
; |exp2|lpm_mux:Mux0|mux_lpc:auto_generated|l2_w0_n0_mux_dataout~0 ; |exp2|lpm_mux:Mux0|mux_lpc:auto_generated|l2_w0_n0_mux_dataout~0 ; out0             ;
; |exp2|lpm_mux:Mux0|mux_lpc:auto_generated|_~8                    ; |exp2|lpm_mux:Mux0|mux_lpc:auto_generated|_~8                    ; out0             ;
; |exp2|lpm_mux:Mux0|mux_lpc:auto_generated|l2_w0_n0_mux_dataout   ; |exp2|lpm_mux:Mux0|mux_lpc:auto_generated|l2_w0_n0_mux_dataout   ; out0             ;
; |exp2|lpm_mux:Mux0|mux_lpc:auto_generated|_~9                    ; |exp2|lpm_mux:Mux0|mux_lpc:auto_generated|_~9                    ; out0             ;
; |exp2|lpm_mux:Mux0|mux_lpc:auto_generated|l2_w0_n2_mux_dataout~0 ; |exp2|lpm_mux:Mux0|mux_lpc:auto_generated|l2_w0_n2_mux_dataout~0 ; out0             ;
; |exp2|lpm_mux:Mux0|mux_lpc:auto_generated|_~10                   ; |exp2|lpm_mux:Mux0|mux_lpc:auto_generated|_~10                   ; out0             ;
; |exp2|lpm_mux:Mux0|mux_lpc:auto_generated|l2_w0_n2_mux_dataout~1 ; |exp2|lpm_mux:Mux0|mux_lpc:auto_generated|l2_w0_n2_mux_dataout~1 ; out0             ;
; |exp2|lpm_mux:Mux0|mux_lpc:auto_generated|l2_w0_n2_mux_dataout   ; |exp2|lpm_mux:Mux0|mux_lpc:auto_generated|l2_w0_n2_mux_dataout   ; out0             ;
; |exp2|lpm_mux:Mux0|mux_lpc:auto_generated|l2_w0_n3_mux_dataout~0 ; |exp2|lpm_mux:Mux0|mux_lpc:auto_generated|l2_w0_n3_mux_dataout~0 ; out0             ;
; |exp2|lpm_mux:Mux0|mux_lpc:auto_generated|_~11                   ; |exp2|lpm_mux:Mux0|mux_lpc:auto_generated|_~11                   ; out0             ;
; |exp2|lpm_mux:Mux0|mux_lpc:auto_generated|l2_w0_n3_mux_dataout~1 ; |exp2|lpm_mux:Mux0|mux_lpc:auto_generated|l2_w0_n3_mux_dataout~1 ; out0             ;
; |exp2|lpm_mux:Mux0|mux_lpc:auto_generated|l2_w0_n3_mux_dataout   ; |exp2|lpm_mux:Mux0|mux_lpc:auto_generated|l2_w0_n3_mux_dataout   ; out0             ;
; |exp2|lpm_mux:Mux0|mux_lpc:auto_generated|_~12                   ; |exp2|lpm_mux:Mux0|mux_lpc:auto_generated|_~12                   ; out0             ;
; |exp2|lpm_mux:Mux0|mux_lpc:auto_generated|l3_w0_n0_mux_dataout~1 ; |exp2|lpm_mux:Mux0|mux_lpc:auto_generated|l3_w0_n0_mux_dataout~1 ; out0             ;
; |exp2|lpm_mux:Mux0|mux_lpc:auto_generated|l3_w0_n0_mux_dataout   ; |exp2|lpm_mux:Mux0|mux_lpc:auto_generated|l3_w0_n0_mux_dataout   ; out0             ;
; |exp2|lpm_mux:Mux0|mux_lpc:auto_generated|l3_w0_n1_mux_dataout~0 ; |exp2|lpm_mux:Mux0|mux_lpc:auto_generated|l3_w0_n1_mux_dataout~0 ; out0             ;
; |exp2|lpm_mux:Mux0|mux_lpc:auto_generated|_~13                   ; |exp2|lpm_mux:Mux0|mux_lpc:auto_generated|_~13                   ; out0             ;
; |exp2|lpm_mux:Mux0|mux_lpc:auto_generated|l3_w0_n1_mux_dataout~1 ; |exp2|lpm_mux:Mux0|mux_lpc:auto_generated|l3_w0_n1_mux_dataout~1 ; out0             ;
; |exp2|lpm_mux:Mux0|mux_lpc:auto_generated|l3_w0_n1_mux_dataout   ; |exp2|lpm_mux:Mux0|mux_lpc:auto_generated|l3_w0_n1_mux_dataout   ; out0             ;
; |exp2|lpm_mux:Mux0|mux_lpc:auto_generated|l4_w0_n0_mux_dataout~0 ; |exp2|lpm_mux:Mux0|mux_lpc:auto_generated|l4_w0_n0_mux_dataout~0 ; out0             ;
; |exp2|lpm_mux:Mux0|mux_lpc:auto_generated|_~14                   ; |exp2|lpm_mux:Mux0|mux_lpc:auto_generated|_~14                   ; out0             ;
; |exp2|lpm_mux:Mux0|mux_lpc:auto_generated|l4_w0_n0_mux_dataout~1 ; |exp2|lpm_mux:Mux0|mux_lpc:auto_generated|l4_w0_n0_mux_dataout~1 ; out0             ;
; |exp2|lpm_mux:Mux0|mux_lpc:auto_generated|l4_w0_n0_mux_dataout   ; |exp2|lpm_mux:Mux0|mux_lpc:auto_generated|l4_w0_n0_mux_dataout   ; out0             ;
+------------------------------------------------------------------+------------------------------------------------------------------+------------------+


The following table displays output ports that do not toggle to 1 during simulation.
+--------------------------------------------------------------------------------------------------------------------------------------------------------+
; Missing 1-Value Coverage                                                                                                                               ;
+------------------------------------------------------------------+------------------------------------------------------------------+------------------+
; Node Name                                                        ; Output Port Name                                                 ; Output Port Type ;
+------------------------------------------------------------------+------------------------------------------------------------------+------------------+
; |exp2|lpm_mux:Mux2|mux_lpc:auto_generated|l1_w0_n0_mux_dataout~1 ; |exp2|lpm_mux:Mux2|mux_lpc:auto_generated|l1_w0_n0_mux_dataout~1 ; out0             ;
; |exp2|lpm_mux:Mux1|mux_lpc:auto_generated|l1_w0_n0_mux_dataout~0 ; |exp2|lpm_mux:Mux1|mux_lpc:auto_generated|l1_w0_n0_mux_dataout~0 ; out0             ;
; |exp2|lpm_mux:Mux1|mux_lpc:auto_generated|l1_w0_n0_mux_dataout~1 ; |exp2|lpm_mux:Mux1|mux_lpc:auto_generated|l1_w0_n0_mux_dataout~1 ; out0             ;
; |exp2|lpm_mux:Mux1|mux_lpc:auto_generated|l1_w0_n0_mux_dataout   ; |exp2|lpm_mux:Mux1|mux_lpc:auto_generated|l1_w0_n0_mux_dataout   ; out0             ;
; |exp2|lpm_mux:Mux1|mux_lpc:auto_generated|l1_w0_n1_mux_dataout~0 ; |exp2|lpm_mux:Mux1|mux_lpc:auto_generated|l1_w0_n1_mux_dataout~0 ; out0             ;
; |exp2|lpm_mux:Mux1|mux_lpc:auto_generated|l1_w0_n1_mux_dataout~1 ; |exp2|lpm_mux:Mux1|mux_lpc:auto_generated|l1_w0_n1_mux_dataout~1 ; out0             ;
; |exp2|lpm_mux:Mux1|mux_lpc:auto_generated|l1_w0_n1_mux_dataout   ; |exp2|lpm_mux:Mux1|mux_lpc:auto_generated|l1_w0_n1_mux_dataout   ; out0             ;
; |exp2|lpm_mux:Mux1|mux_lpc:auto_generated|l2_w0_n0_mux_dataout~0 ; |exp2|lpm_mux:Mux1|mux_lpc:auto_generated|l2_w0_n0_mux_dataout~0 ; out0             ;
; |exp2|lpm_mux:Mux1|mux_lpc:auto_generated|l2_w0_n0_mux_dataout~1 ; |exp2|lpm_mux:Mux1|mux_lpc:auto_generated|l2_w0_n0_mux_dataout~1 ; out0             ;
; |exp2|lpm_mux:Mux1|mux_lpc:auto_generated|l2_w0_n0_mux_dataout   ; |exp2|lpm_mux:Mux1|mux_lpc:auto_generated|l2_w0_n0_mux_dataout   ; out0             ;
; |exp2|lpm_mux:Mux1|mux_lpc:auto_generated|l3_w0_n0_mux_dataout~1 ; |exp2|lpm_mux:Mux1|mux_lpc:auto_generated|l3_w0_n0_mux_dataout~1 ; out0             ;
; |exp2|lpm_mux:Mux0|mux_lpc:auto_generated|l1_w0_n0_mux_dataout~0 ; |exp2|lpm_mux:Mux0|mux_lpc:auto_generated|l1_w0_n0_mux_dataout~0 ; out0             ;
; |exp2|lpm_mux:Mux0|mux_lpc:auto_generated|l1_w0_n0_mux_dataout~1 ; |exp2|lpm_mux:Mux0|mux_lpc:auto_generated|l1_w0_n0_mux_dataout~1 ; out0             ;
; |exp2|lpm_mux:Mux0|mux_lpc:auto_generated|l1_w0_n0_mux_dataout   ; |exp2|lpm_mux:Mux0|mux_lpc:auto_generated|l1_w0_n0_mux_dataout   ; out0             ;
; |exp2|lpm_mux:Mux0|mux_lpc:auto_generated|l1_w0_n2_mux_dataout~0 ; |exp2|lpm_mux:Mux0|mux_lpc:auto_generated|l1_w0_n2_mux_dataout~0 ; out0             ;
; |exp2|lpm_mux:Mux0|mux_lpc:auto_generated|l1_w0_n2_mux_dataout~1 ; |exp2|lpm_mux:Mux0|mux_lpc:auto_generated|l1_w0_n2_mux_dataout~1 ; out0             ;
; |exp2|lpm_mux:Mux0|mux_lpc:auto_generated|l1_w0_n2_mux_dataout   ; |exp2|lpm_mux:Mux0|mux_lpc:auto_generated|l1_w0_n2_mux_dataout   ; out0             ;
; |exp2|lpm_mux:Mux0|mux_lpc:auto_generated|l1_w0_n3_mux_dataout~0 ; |exp2|lpm_mux:Mux0|mux_lpc:auto_generated|l1_w0_n3_mux_dataout~0 ; out0             ;
; |exp2|lpm_mux:Mux0|mux_lpc:auto_generated|l1_w0_n3_mux_dataout~1 ; |exp2|lpm_mux:Mux0|mux_lpc:auto_generated|l1_w0_n3_mux_dataout~1 ; out0             ;
; |exp2|lpm_mux:Mux0|mux_lpc:auto_generated|l1_w0_n3_mux_dataout   ; |exp2|lpm_mux:Mux0|mux_lpc:auto_generated|l1_w0_n3_mux_dataout   ; out0             ;
; |exp2|lpm_mux:Mux0|mux_lpc:auto_generated|l2_w0_n0_mux_dataout~1 ; |exp2|lpm_mux:Mux0|mux_lpc:auto_generated|l2_w0_n0_mux_dataout~1 ; out0             ;
; |exp2|lpm_mux:Mux0|mux_lpc:auto_generated|l2_w0_n1_mux_dataout~0 ; |exp2|lpm_mux:Mux0|mux_lpc:auto_generated|l2_w0_n1_mux_dataout~0 ; out0             ;
; |exp2|lpm_mux:Mux0|mux_lpc:auto_generated|l2_w0_n1_mux_dataout~1 ; |exp2|lpm_mux:Mux0|mux_lpc:auto_generated|l2_w0_n1_mux_dataout~1 ; out0             ;
; |exp2|lpm_mux:Mux0|mux_lpc:auto_generated|l2_w0_n1_mux_dataout   ; |exp2|lpm_mux:Mux0|mux_lpc:auto_generated|l2_w0_n1_mux_dataout   ; out0             ;
; |exp2|lpm_mux:Mux0|mux_lpc:auto_generated|l3_w0_n0_mux_dataout~0 ; |exp2|lpm_mux:Mux0|mux_lpc:auto_generated|l3_w0_n0_mux_dataout~0 ; out0             ;
+------------------------------------------------------------------+------------------------------------------------------------------+------------------+


The following table displays output ports that do not toggle to 0 during simulation.
+--------------------------------------------------------------------------------------------------------------------------------------------------------+
; Missing 0-Value Coverage                                                                                                                               ;
+------------------------------------------------------------------+------------------------------------------------------------------+------------------+
; Node Name                                                        ; Output Port Name                                                 ; Output Port Type ;
+------------------------------------------------------------------+------------------------------------------------------------------+------------------+
; |exp2|lpm_mux:Mux2|mux_lpc:auto_generated|l1_w0_n0_mux_dataout~1 ; |exp2|lpm_mux:Mux2|mux_lpc:auto_generated|l1_w0_n0_mux_dataout~1 ; out0             ;
; |exp2|lpm_mux:Mux1|mux_lpc:auto_generated|l1_w0_n0_mux_dataout~0 ; |exp2|lpm_mux:Mux1|mux_lpc:auto_generated|l1_w0_n0_mux_dataout~0 ; out0             ;
; |exp2|lpm_mux:Mux1|mux_lpc:auto_generated|l1_w0_n0_mux_dataout~1 ; |exp2|lpm_mux:Mux1|mux_lpc:auto_generated|l1_w0_n0_mux_dataout~1 ; out0             ;
; |exp2|lpm_mux:Mux1|mux_lpc:auto_generated|l1_w0_n0_mux_dataout   ; |exp2|lpm_mux:Mux1|mux_lpc:auto_generated|l1_w0_n0_mux_dataout   ; out0             ;
; |exp2|lpm_mux:Mux1|mux_lpc:auto_generated|l1_w0_n1_mux_dataout~0 ; |exp2|lpm_mux:Mux1|mux_lpc:auto_generated|l1_w0_n1_mux_dataout~0 ; out0             ;
; |exp2|lpm_mux:Mux1|mux_lpc:auto_generated|l1_w0_n1_mux_dataout~1 ; |exp2|lpm_mux:Mux1|mux_lpc:auto_generated|l1_w0_n1_mux_dataout~1 ; out0             ;
; |exp2|lpm_mux:Mux1|mux_lpc:auto_generated|l1_w0_n1_mux_dataout   ; |exp2|lpm_mux:Mux1|mux_lpc:auto_generated|l1_w0_n1_mux_dataout   ; out0             ;
; |exp2|lpm_mux:Mux1|mux_lpc:auto_generated|l2_w0_n0_mux_dataout~0 ; |exp2|lpm_mux:Mux1|mux_lpc:auto_generated|l2_w0_n0_mux_dataout~0 ; out0             ;
; |exp2|lpm_mux:Mux1|mux_lpc:auto_generated|l2_w0_n0_mux_dataout~1 ; |exp2|lpm_mux:Mux1|mux_lpc:auto_generated|l2_w0_n0_mux_dataout~1 ; out0             ;
; |exp2|lpm_mux:Mux1|mux_lpc:auto_generated|l2_w0_n0_mux_dataout   ; |exp2|lpm_mux:Mux1|mux_lpc:auto_generated|l2_w0_n0_mux_dataout   ; out0             ;
; |exp2|lpm_mux:Mux1|mux_lpc:auto_generated|l3_w0_n0_mux_dataout~1 ; |exp2|lpm_mux:Mux1|mux_lpc:auto_generated|l3_w0_n0_mux_dataout~1 ; out0             ;
; |exp2|lpm_mux:Mux0|mux_lpc:auto_generated|l1_w0_n0_mux_dataout~0 ; |exp2|lpm_mux:Mux0|mux_lpc:auto_generated|l1_w0_n0_mux_dataout~0 ; out0             ;
; |exp2|lpm_mux:Mux0|mux_lpc:auto_generated|l1_w0_n0_mux_dataout~1 ; |exp2|lpm_mux:Mux0|mux_lpc:auto_generated|l1_w0_n0_mux_dataout~1 ; out0             ;
; |exp2|lpm_mux:Mux0|mux_lpc:auto_generated|l1_w0_n0_mux_dataout   ; |exp2|lpm_mux:Mux0|mux_lpc:auto_generated|l1_w0_n0_mux_dataout   ; out0             ;
; |exp2|lpm_mux:Mux0|mux_lpc:auto_generated|l1_w0_n2_mux_dataout~0 ; |exp2|lpm_mux:Mux0|mux_lpc:auto_generated|l1_w0_n2_mux_dataout~0 ; out0             ;
; |exp2|lpm_mux:Mux0|mux_lpc:auto_generated|l1_w0_n2_mux_dataout~1 ; |exp2|lpm_mux:Mux0|mux_lpc:auto_generated|l1_w0_n2_mux_dataout~1 ; out0             ;
; |exp2|lpm_mux:Mux0|mux_lpc:auto_generated|l1_w0_n2_mux_dataout   ; |exp2|lpm_mux:Mux0|mux_lpc:auto_generated|l1_w0_n2_mux_dataout   ; out0             ;
; |exp2|lpm_mux:Mux0|mux_lpc:auto_generated|l1_w0_n3_mux_dataout~0 ; |exp2|lpm_mux:Mux0|mux_lpc:auto_generated|l1_w0_n3_mux_dataout~0 ; out0             ;
; |exp2|lpm_mux:Mux0|mux_lpc:auto_generated|l1_w0_n3_mux_dataout~1 ; |exp2|lpm_mux:Mux0|mux_lpc:auto_generated|l1_w0_n3_mux_dataout~1 ; out0             ;
; |exp2|lpm_mux:Mux0|mux_lpc:auto_generated|l1_w0_n3_mux_dataout   ; |exp2|lpm_mux:Mux0|mux_lpc:auto_generated|l1_w0_n3_mux_dataout   ; out0             ;
; |exp2|lpm_mux:Mux0|mux_lpc:auto_generated|l2_w0_n0_mux_dataout~1 ; |exp2|lpm_mux:Mux0|mux_lpc:auto_generated|l2_w0_n0_mux_dataout~1 ; out0             ;
; |exp2|lpm_mux:Mux0|mux_lpc:auto_generated|l2_w0_n1_mux_dataout~0 ; |exp2|lpm_mux:Mux0|mux_lpc:auto_generated|l2_w0_n1_mux_dataout~0 ; out0             ;
; |exp2|lpm_mux:Mux0|mux_lpc:auto_generated|l2_w0_n1_mux_dataout~1 ; |exp2|lpm_mux:Mux0|mux_lpc:auto_generated|l2_w0_n1_mux_dataout~1 ; out0             ;
; |exp2|lpm_mux:Mux0|mux_lpc:auto_generated|l2_w0_n1_mux_dataout   ; |exp2|lpm_mux:Mux0|mux_lpc:auto_generated|l2_w0_n1_mux_dataout   ; out0             ;
; |exp2|lpm_mux:Mux0|mux_lpc:auto_generated|l3_w0_n0_mux_dataout~0 ; |exp2|lpm_mux:Mux0|mux_lpc:auto_generated|l3_w0_n0_mux_dataout~0 ; out0             ;
+------------------------------------------------------------------+------------------------------------------------------------------+------------------+


+---------------------+
; Simulator INI Usage ;
+--------+------------+
; Option ; Usage      ;
+--------+------------+


+--------------------+
; Simulator Messages ;
+--------------------+
Info: *******************************************************************
Info: Running Quartus II Simulator
    Info: Version 8.1 Build 163 10/28/2008 SJ Web Edition
    Info: Processing started: Tue Feb 22 16:12:57 2022
Info: Command: quartus_sim --read_settings_files=on --write_settings_files=off exp2 -c exp2
Info: Using vector source file "D:/Downloads/Spring  2022/Spring 2022 submissions/CSE460/CSE460 Lab/Lab 2/exp2/exp2.vwf"
Info: Option to preserve fewer signal transitions to reduce memory requirements is enabled
    Info: Simulation has been partitioned into sub-simulations according to the maximum transition count determined by the engine. Transitions from memory will be flushed out to disk at the end of each sub-simulation to reduce memory requirements.
Info: Simulation partitioned into 1 sub-simulations
Info: Simulation coverage is      86.70 %
Info: Number of transitions in simulation is 55637
Info: Quartus II Simulator was successful. 0 errors, 0 warnings
    Info: Peak virtual memory: 151 megabytes
    Info: Processing ended: Tue Feb 22 16:12:58 2022
    Info: Elapsed time: 00:00:01
    Info: Total CPU time (on all processors): 00:00:00


